2025-10-02 20:21:00 | WARN | repo=AZ-projects | action=commit
2025-08-24 13:35:00 | INFO | repo=AZ-projects | action=commit
2025-11-27 08:39:00 | DEBUG | repo=AZ-projects | action=pull
2025-01-13 19:30:00 | DEBUG | repo=AZ-projects | action=commit
2025-06-05 11:07:00 | WARN | repo=AZ-projects | action=edit | files=4
2025-01-20 10:30:00 | WARN | repo=AZ-projects | action=commit
2025-12-23 15:50:00 | INFO | repo=AZ-projects | action=pull
2025-03-08 21:49:00 | WARN | repo=AZ-projects | action=commit
2025-09-10 21:08:00 | INFO | repo=AZ-projects | action=commit
2025-02-19 07:41:00 | WARN | repo=AZ-projects | action=commit
2025-10-11 21:53:00 | WARN | repo=AZ-projects | action=commit
2025-12-15 16:12:00 | WARN | repo=AZ-projects | action=commit
2025-02-22 07:38:00 | DEBUG | repo=AZ-projects | action=commit
2025-01-24 09:18:00 | WARN | repo=AZ-projects | action=commit
2025-01-01 18:52:00 | DEBUG | repo=AZ-projects | action=commit
2025-11-22 10:12:00 | DEBUG | repo=AZ-projects | action=commit
2025-06-02 20:43:00 | WARN | repo=AZ-projects | action=commit
2025-07-03 08:28:00 | WARN | repo=AZ-projects | action=commit
2025-06-06 14:13:00 | WARN | repo=AZ-projects | action=pull
2025-06-16 10:26:00 | DEBUG | repo=AZ-projects | action=commit
2025-02-03 13:02:00 | DEBUG | repo=AZ-projects | action=commit
2025-03-28 14:07:00 | INFO | repo=AZ-projects | action=commit
2025-12-05 11:18:00 | WARN | repo=AZ-projects | action=commit
2025-07-21 08:58:00 | DEBUG | repo=AZ-projects | action=commit
2025-07-15 12:52:00 | DEBUG | repo=AZ-projects | action=commit
2025-12-08 21:46:00 | WARN | repo=AZ-projects | action=edit | files=4
2025-01-20 15:42:00 | WARN | repo=AZ-projects | action=commit
2025-09-10 18:16:00 | DEBUG | repo=AZ-projects | action=commit
2025-06-18 07:52:00 | DEBUG | repo=AZ-projects | action=commit
2025-05-28 17:34:00 | WARN | repo=AZ-projects | action=commit
2025-10-23 17:40:00 | INFO | repo=AZ-projects | action=commit
2025-07-15 15:55:00 | DEBUG | repo=AZ-projects | action=pull
2025-10-18 21:47:00 | INFO | repo=AZ-projects | action=pull
2025-09-24 10:00:00 | DEBUG | repo=AZ-projects | action=commit
2025-09-15 07:57:00 | INFO | repo=AZ-projects | action=commit
2025-05-15 12:24:00 | WARN | repo=AZ-projects | action=commit
2025-04-06 16:38:00 | INFO | repo=AZ-projects | action=edit | files=4
2025-09-25 18:04:00 | DEBUG | repo=AZ-projects | action=commit
2025-01-26 16:02:00 | WARN | repo=AZ-projects | action=edit | files=5
2025-01-27 11:57:00 | DEBUG | repo=AZ-projects | action=commit
2025-07-28 07:00:00 | WARN | repo=AZ-projects | action=commit
2025-02-05 12:21:00 | WARN | repo=AZ-projects | action=commit
2025-06-08 20:38:00 | INFO | repo=AZ-projects | action=test | passed=true
2025-12-16 08:29:00 | WARN | repo=AZ-projects | action=edit | files=5
2025-05-01 20:26:00 | DEBUG | repo=AZ-projects | action=commit
